2026-06-27 15:57:27,768 - enka_client - INFO - Successfully fetched player data for UID: 608344004
2026-06-27 15:57:27,836 - db_ops - ERROR - Duplicate character detected: (psycopg2.errors.UniqueViolation) duplicate key value violates unique constraint "unique_uid_avatar"
DETAIL:  Key (uid, avatar_id)=(608344004, 10000042) already exists.

[SQL: INSERT INTO characters (uid, avatar_id, level, hp, atk, def, em, er, crit_rate, crit_dmg, name, constellation_lvl, weapon_name, weapon_refinement, talent_na, talent_skill, talent_burst, friendship_lvl, dmg_bonus_type, dmg_bonus_val, icon_url) VALUES (%(uid)s, %(avatar_id)s, %(level)s, %(hp)s, %(atk)s, %(def)s, %(em)s, %(er)s, %(crit_rate)s, %(crit_dmg)s, %(name)s, %(constellation_lvl)s, %(weapon_name)s, %(weapon_refinement)s, %(talent_na)s, %(talent_skill)s, %(talent_burst)s, %(friendship_lvl)s, %(dmg_bonus_type)s, %(dmg_bonus_val)s, %(icon_url)s) RETURNING characters.id]
[parameters: {'uid': '608344004', 'avatar_id': 10000042, 'level': 100, 'hp': 19894, 'atk': 2078, 'def': 941, 'em': 170, 'er': 105, 'crit_rate': 74.2, 'crit_dmg': 224.2, 'name': 'Keqing', 'constellation_lvl': 6, 'weapon_name': 'Mistsplitter Reforged', 'weapon_refinement': 1, 'talent_na': 10, 'talent_skill': 13, 'talent_burst': 13, 'friendship_lvl': 10, 'dmg_bonus_type': 'Electro DMG', 'dmg_bonus_val': 73.6, 'icon_url': 'https://enka.network/ui/UI_Gacha_AvatarImg_Keqing.png'}]
(Background on this error at: https://sqlalche.me/e/20/gkpj):
2026-06-27 15:57:27,837 - db_ops - ERROR - Duplicate character detected: (psycopg2.errors.UniqueViolation) duplicate key value violates unique constraint "unique_uid_avatar"
DETAIL:  Key (uid, avatar_id)=(608344004, 10000126) already exists.

[SQL: INSERT INTO characters (uid, avatar_id, level, hp, atk, def, em, er, crit_rate, crit_dmg, name, constellation_lvl, weapon_name, weapon_refinement, talent_na, talent_skill, talent_burst, friendship_lvl, dmg_bonus_type, dmg_bonus_val, icon_url) VALUES (%(uid)s, %(avatar_id)s, %(level)s, %(hp)s, %(atk)s, %(def)s, %(em)s, %(er)s, %(crit_rate)s, %(crit_dmg)s, %(name)s, %(constellation_lvl)s, %(weapon_name)s, %(weapon_refinement)s, %(talent_na)s, %(talent_skill)s, %(talent_burst)s, %(friendship_lvl)s, %(dmg_bonus_type)s, %(dmg_bonus_val)s, %(icon_url)s) RETURNING characters.id]
[parameters: {'uid': '608344004', 'avatar_id': 10000126, 'level': 95, 'hp': 18665, 'atk': 1200, 'def': 2703, 'em': 119, 'er': 106, 'crit_rate': 62.5, 'crit_dmg': 287.7, 'name': 'Unknown', 'constellation_lvl': 6, 'weapon_name': 'Unknown', 'weapon_refinement': 1, 'talent_na': 8, 'talent_skill': 10, 'talent_burst': 10, 'friendship_lvl': 10, 'dmg_bonus_type': 'Physical DMG', 'dmg_bonus_val': 0, 'icon_url': None}]
(Background on this error at: https://sqlalche.me/e/20/gkpj):
2026-06-27 15:57:27,838 - db_ops - ERROR - Duplicate character detected: (psycopg2.errors.UniqueViolation) duplicate key value violates unique constraint "unique_uid_avatar"
DETAIL:  Key (uid, avatar_id)=(608344004, 10000114) already exists.

[SQL: INSERT INTO characters (uid, avatar_id, level, hp, atk, def, em, er, crit_rate, crit_dmg, name, constellation_lvl, weapon_name, weapon_refinement, talent_na, talent_skill, talent_burst, friendship_lvl, dmg_bonus_type, dmg_bonus_val, icon_url) VALUES (%(uid)s, %(avatar_id)s, %(level)s, %(hp)s, %(atk)s, %(def)s, %(em)s, %(er)s, %(crit_rate)s, %(crit_dmg)s, %(name)s, %(constellation_lvl)s, %(weapon_name)s, %(weapon_refinement)s, %(talent_na)s, %(talent_skill)s, %(talent_burst)s, %(friendship_lvl)s, %(dmg_bonus_type)s, %(dmg_bonus_val)s, %(icon_url)s) RETURNING characters.id]
[parameters: {'uid': '608344004', 'avatar_id': 10000114, 'level': 95, 'hp': 17936, 'atk': 2053, 'def': 1060, 'em': 20, 'er': 100, 'crit_rate': 78.4, 'crit_dmg': 234.5, 'name': 'Skirk', 'constellation_lvl': 2, 'weapon_name': 'Unknown', 'weapon_refinement': 1, 'talent_na': 1, 'talent_skill': 10, 'talent_burst': 10, 'friendship_lvl': 10, 'dmg_bonus_type': 'Cryo DMG', 'dmg_bonus_val': 61.6, 'icon_url': 'https://enka.network/ui/UI_Gacha_AvatarImg_SkirkNew.png'}]
(Background on this error at: https://sqlalche.me/e/20/gkpj):
2026-06-27 15:57:27,840 - db_ops - ERROR - Duplicate character detected: (psycopg2.errors.UniqueViolation) duplicate key value violates unique constraint "unique_uid_avatar"
DETAIL:  Key (uid, avatar_id)=(608344004, 10000120) already exists.

[SQL: INSERT INTO characters (uid, avatar_id, level, hp, atk, def, em, er, crit_rate, crit_dmg, name, constellation_lvl, weapon_name, weapon_refinement, talent_na, talent_skill, talent_burst, friendship_lvl, dmg_bonus_type, dmg_bonus_val, icon_url) VALUES (%(uid)s, %(avatar_id)s, %(level)s, %(hp)s, %(atk)s, %(def)s, %(em)s, %(er)s, %(crit_rate)s, %(crit_dmg)s, %(name)s, %(constellation_lvl)s, %(weapon_name)s, %(weapon_refinement)s, %(talent_na)s, %(talent_skill)s, %(talent_burst)s, %(friendship_lvl)s, %(dmg_bonus_type)s, %(dmg_bonus_val)s, %(icon_url)s) RETURNING characters.id]
[parameters: {'uid': '608344004', 'avatar_id': 10000120, 'level': 95, 'hp': 17923, 'atk': 2629, 'def': 890, 'em': 170, 'er': 106, 'crit_rate': 67.1, 'crit_dmg': 236.8, 'name': 'Flins', 'constellation_lvl': 2, 'weapon_name': 'Bloodsoaked Ruins', 'weapon_refinement': 1, 'talent_na': 6, 'talent_skill': 10, 'talent_burst': 10, 'friendship_lvl': 10, 'dmg_bonus_type': 'Physical DMG', 'dmg_bonus_val': 0, 'icon_url': 'https://enka.network/ui/UI_Gacha_AvatarImg_Flins.png'}]
(Background on this error at: https://sqlalche.me/e/20/gkpj):
2026-06-27 15:57:27,841 - db_ops - ERROR - Duplicate character detected: (psycopg2.errors.UniqueViolation) duplicate key value violates unique constraint "unique_uid_avatar"
DETAIL:  Key (uid, avatar_id)=(608344004, 10000131) already exists.

[SQL: INSERT INTO characters (uid, avatar_id, level, hp, atk, def, em, er, crit_rate, crit_dmg, name, constellation_lvl, weapon_name, weapon_refinement, talent_na, talent_skill, talent_burst, friendship_lvl, dmg_bonus_type, dmg_bonus_val, icon_url) VALUES (%(uid)s, %(avatar_id)s, %(level)s, %(hp)s, %(atk)s, %(def)s, %(em)s, %(er)s, %(crit_rate)s, %(crit_dmg)s, %(name)s, %(constellation_lvl)s, %(weapon_name)s, %(weapon_refinement)s, %(talent_na)s, %(talent_skill)s, %(talent_burst)s, %(friendship_lvl)s, %(dmg_bonus_type)s, %(dmg_bonus_val)s, %(icon_url)s) RETURNING characters.id]
[parameters: {'uid': '608344004', 'avatar_id': 10000131, 'level': 95, 'hp': 17795, 'atk': 4196, 'def': 748, 'em': 18, 'er': 149, 'crit_rate': 18.6, 'crit_dmg': 74.1, 'name': 'Unknown', 'constellation_lvl': 6, 'weapon_name': 'Unknown', 'weapon_refinement': 1, 'talent_na': 1, 'talent_skill': 10, 'talent_burst': 9, 'friendship_lvl': 8, 'dmg_bonus_type': 'Physical DMG', 'dmg_bonus_val': 0, 'icon_url': None}]
(Background on this error at: https://sqlalche.me/e/20/gkpj):
2026-06-27 15:57:27,845 - db_ops - ERROR - Duplicate character detected: (psycopg2.errors.UniqueViolation) duplicate key value violates unique constraint "unique_uid_avatar"
DETAIL:  Key (uid, avatar_id)=(608344004, 10000123) already exists.

[SQL: INSERT INTO characters (uid, avatar_id, level, hp, atk, def, em, er, crit_rate, crit_dmg, name, constellation_lvl, weapon_name, weapon_refinement, talent_na, talent_skill, talent_burst, friendship_lvl, dmg_bonus_type, dmg_bonus_val, icon_url) VALUES (%(uid)s, %(avatar_id)s, %(level)s, %(hp)s, %(atk)s, %(def)s, %(em)s, %(er)s, %(crit_rate)s, %(crit_dmg)s, %(name)s, %(constellation_lvl)s, %(weapon_name)s, %(weapon_refinement)s, %(talent_na)s, %(talent_skill)s, %(talent_burst)s, %(friendship_lvl)s, %(dmg_bonus_type)s, %(dmg_bonus_val)s, %(icon_url)s) RETURNING characters.id]
[parameters: {'uid': '608344004', 'avatar_id': 10000123, 'level': 95, 'hp': 19451, 'atk': 2560, 'def': 1129, 'em': 65, 'er': 123, 'crit_rate': 78.9, 'crit_dmg': 219.0, 'name': 'Durin', 'constellation_lvl': 2, 'weapon_name': 'Athame Artis', 'weapon_refinement': 1, 'talent_na': 1, 'talent_skill': 10, 'talent_burst': 10, 'friendship_lvl': 8, 'dmg_bonus_type': 'Physical DMG', 'dmg_bonus_val': 0, 'icon_url': 'https://enka.network/ui/UI_Gacha_AvatarImg_Durin.png'}]
(Background on this error at: https://sqlalche.me/e/20/gkpj):
2026-06-27 15:57:27,846 - db_ops - ERROR - Duplicate character detected: (psycopg2.errors.UniqueViolation) duplicate key value violates unique constraint "unique_uid_avatar"
DETAIL:  Key (uid, avatar_id)=(608344004, 10000106) already exists.

[SQL: INSERT INTO characters (uid, avatar_id, level, hp, atk, def, em, er, crit_rate, crit_dmg, name, constellation_lvl, weapon_name, weapon_refinement, talent_na, talent_skill, talent_burst, friendship_lvl, dmg_bonus_type, dmg_bonus_val, icon_url) VALUES (%(uid)s, %(avatar_id)s, %(level)s, %(hp)s, %(atk)s, %(def)s, %(em)s, %(er)s, %(crit_rate)s, %(crit_dmg)s, %(name)s, %(constellation_lvl)s, %(weapon_name)s, %(weapon_refinement)s, %(talent_na)s, %(talent_skill)s, %(talent_burst)s, %(friendship_lvl)s, %(dmg_bonus_type)s, %(dmg_bonus_val)s, %(icon_url)s) RETURNING characters.id]
[parameters: {'uid': '608344004', 'avatar_id': 10000106, 'level': 95, 'hp': 18834, 'atk': 2203, 'def': 884, 'em': 100, 'er': 110, 'crit_rate': 51.0, 'crit_dmg': 236.8, 'name': 'Mavuika', 'constellation_lvl': 2, 'weapon_name': 'A Thousand Blazing Suns', 'weapon_refinement': 1, 'talent_na': 6, 'talent_skill': 10, 'talent_burst': 10, 'friendship_lvl': 10, 'dmg_bonus_type': 'Pyro DMG', 'dmg_bonus_val': 46.6, 'icon_url': 'https://enka.network/ui/UI_Gacha_AvatarImg_Mavuika.png'}]
(Background on this error at: https://sqlalche.me/e/20/gkpj):
2026-06-27 15:57:27,848 - db_ops - ERROR - Duplicate character detected: (psycopg2.errors.UniqueViolation) duplicate key value violates unique constraint "unique_uid_avatar"
DETAIL:  Key (uid, avatar_id)=(608344004, 10000130) already exists.

[SQL: INSERT INTO characters (uid, avatar_id, level, hp, atk, def, em, er, crit_rate, crit_dmg, name, constellation_lvl, weapon_name, weapon_refinement, talent_na, talent_skill, talent_burst, friendship_lvl, dmg_bonus_type, dmg_bonus_val, icon_url) VALUES (%(uid)s, %(avatar_id)s, %(level)s, %(hp)s, %(atk)s, %(def)s, %(em)s, %(er)s, %(crit_rate)s, %(crit_dmg)s, %(name)s, %(constellation_lvl)s, %(weapon_name)s, %(weapon_refinement)s, %(talent_na)s, %(talent_skill)s, %(talent_burst)s, %(friendship_lvl)s, %(dmg_bonus_type)s, %(dmg_bonus_val)s, %(icon_url)s) RETURNING characters.id]
[parameters: {'uid': '608344004', 'avatar_id': 10000130, 'level': 90, 'hp': 15135, 'atk': 996, 'def': 2852, 'em': 116, 'er': 117, 'crit_rate': 65.0, 'crit_dmg': 245.5, 'name': 'Unknown', 'constellation_lvl': 2, 'weapon_name': 'Unknown', 'weapon_refinement': 1, 'talent_na': 1, 'talent_skill': 10, 'talent_burst': 9, 'friendship_lvl': 10, 'dmg_bonus_type': 'Physical DMG', 'dmg_bonus_val': 0, 'icon_url': None}]
(Background on this error at: https://sqlalche.me/e/20/gkpj):
2026-06-27 15:57:27,849 - db_ops - ERROR - Duplicate character detected: (psycopg2.errors.UniqueViolation) duplicate key value violates unique constraint "unique_uid_avatar"
DETAIL:  Key (uid, avatar_id)=(608344004, 10000107) already exists.

[SQL: INSERT INTO characters (uid, avatar_id, level, hp, atk, def, em, er, crit_rate, crit_dmg, name, constellation_lvl, weapon_name, weapon_refinement, talent_na, talent_skill, talent_burst, friendship_lvl, dmg_bonus_type, dmg_bonus_val, icon_url) VALUES (%(uid)s, %(avatar_id)s, %(level)s, %(hp)s, %(atk)s, %(def)s, %(em)s, %(er)s, %(crit_rate)s, %(crit_dmg)s, %(name)s, %(constellation_lvl)s, %(weapon_name)s, %(weapon_refinement)s, %(talent_na)s, %(talent_skill)s, %(talent_burst)s, %(friendship_lvl)s, %(dmg_bonus_type)s, %(dmg_bonus_val)s, %(icon_url)s) RETURNING characters.id]
[parameters: {'uid': '608344004', 'avatar_id': 10000107, 'level': 90, 'hp': 19968, 'atk': 1148, 'def': 1011, 'em': 997, 'er': 192, 'crit_rate': 18.6, 'crit_dmg': 57.0, 'name': 'Citlali', 'constellation_lvl': 2, 'weapon_name': "Starcaller's Watch", 'weapon_refinement': 1, 'talent_na': 6, 'talent_skill': 10, 'talent_burst': 10, 'friendship_lvl': 10, 'dmg_bonus_type': 'Physical DMG', 'dmg_bonus_val': 0, 'icon_url': 'https://enka.network/ui/UI_Gacha_AvatarImg_Citlali.png'}]
(Background on this error at: https://sqlalche.me/e/20/gkpj):
2026-06-27 15:57:27,851 - db_ops - ERROR - Duplicate character detected: (psycopg2.errors.UniqueViolation) duplicate key value violates unique constraint "unique_uid_avatar"
DETAIL:  Key (uid, avatar_id)=(608344004, 10000112) already exists.

[SQL: INSERT INTO characters (uid, avatar_id, level, hp, atk, def, em, er, crit_rate, crit_dmg, name, constellation_lvl, weapon_name, weapon_refinement, talent_na, talent_skill, talent_burst, friendship_lvl, dmg_bonus_type, dmg_bonus_val, icon_url) VALUES (%(uid)s, %(avatar_id)s, %(level)s, %(hp)s, %(atk)s, %(def)s, %(em)s, %(er)s, %(crit_rate)s, %(crit_dmg)s, %(name)s, %(constellation_lvl)s, %(weapon_name)s, %(weapon_refinement)s, %(talent_na)s, %(talent_skill)s, %(talent_burst)s, %(friendship_lvl)s, %(dmg_bonus_type)s, %(dmg_bonus_val)s, %(icon_url)s) RETURNING characters.id]
[parameters: {'uid': '608344004', 'avatar_id': 10000112, 'level': 90, 'hp': 19306, 'atk': 2126, 'def': 963, 'em': 0, 'er': 169, 'crit_rate': 79.4, 'crit_dmg': 200.9, 'name': 'Escoffier', 'constellation_lvl': 1, 'weapon_name': 'Symphonist of Scents', 'weapon_refinement': 1, 'talent_na': 1, 'talent_skill': 9, 'talent_burst': 10, 'friendship_lvl': 10, 'dmg_bonus_type': 'Physical DMG', 'dmg_bonus_val': 0, 'icon_url': 'https://enka.network/ui/UI_Gacha_AvatarImg_Escoffier.png'}]
(Background on this error at: https://sqlalche.me/e/20/gkpj):
2026-06-27 15:57:27,852 - db_ops - ERROR - Duplicate character detected: (psycopg2.errors.UniqueViolation) duplicate key value violates unique constraint "unique_uid_avatar"
DETAIL:  Key (uid, avatar_id)=(608344004, 10000052) already exists.

[SQL: INSERT INTO characters (uid, avatar_id, level, hp, atk, def, em, er, crit_rate, crit_dmg, name, constellation_lvl, weapon_name, weapon_refinement, talent_na, talent_skill, talent_burst, friendship_lvl, dmg_bonus_type, dmg_bonus_val, icon_url) VALUES (%(uid)s, %(avatar_id)s, %(level)s, %(hp)s, %(atk)s, %(def)s, %(em)s, %(er)s, %(crit_rate)s, %(crit_dmg)s, %(name)s, %(constellation_lvl)s, %(weapon_name)s, %(weapon_refinement)s, %(talent_na)s, %(talent_skill)s, %(talent_burst)s, %(friendship_lvl)s, %(dmg_bonus_type)s, %(dmg_bonus_val)s, %(icon_url)s) RETURNING characters.id]
[parameters: {'uid': '608344004', 'avatar_id': 10000052, 'level': 90, 'hp': 18732, 'atk': 2327, 'def': 891, 'em': 102, 'er': 277, 'crit_rate': 60.2, 'crit_dmg': 137.8, 'name': 'Raiden Shogun', 'constellation_lvl': 3, 'weapon_name': 'Engulfing Lightning', 'weapon_refinement': 1, 'talent_na': 6, 'talent_skill': 9, 'talent_burst': 13, 'friendship_lvl': 10, 'dmg_bonus_type': 'Electro DMG', 'dmg_bonus_val': 70.8, 'icon_url': 'https://enka.network/ui/UI_Gacha_AvatarImg_Shougun.png'}]
(Background on this error at: https://sqlalche.me/e/20/gkpj):
2026-06-27 15:57:27,854 - db_ops - ERROR - Duplicate character detected: (psycopg2.errors.UniqueViolation) duplicate key value violates unique constraint "unique_uid_avatar"
DETAIL:  Key (uid, avatar_id)=(608344004, 10000089) already exists.

[SQL: INSERT INTO characters (uid, avatar_id, level, hp, atk, def, em, er, crit_rate, crit_dmg, name, constellation_lvl, weapon_name, weapon_refinement, talent_na, talent_skill, talent_burst, friendship_lvl, dmg_bonus_type, dmg_bonus_val, icon_url) VALUES (%(uid)s, %(avatar_id)s, %(level)s, %(hp)s, %(atk)s, %(def)s, %(em)s, %(er)s, %(crit_rate)s, %(crit_dmg)s, %(name)s, %(constellation_lvl)s, %(weapon_name)s, %(weapon_refinement)s, %(talent_na)s, %(talent_skill)s, %(talent_burst)s, %(friendship_lvl)s, %(dmg_bonus_type)s, %(dmg_bonus_val)s, %(icon_url)s) RETURNING characters.id]
[parameters: {'uid': '608344004', 'avatar_id': 10000089, 'level': 90, 'hp': 36292, 'atk': 1242, 'def': 897, 'em': 39, 'er': 178, 'crit_rate': 49.9, 'crit_dmg': 229.2, 'name': 'Furina', 'constellation_lvl': 4, 'weapon_name': 'Unknown', 'weapon_refinement': 1, 'talent_na': 2, 'talent_skill': 10, 'talent_burst': 13, 'friendship_lvl': 10, 'dmg_bonus_type': 'Physical DMG', 'dmg_bonus_val': 0, 'icon_url': 'https://enka.network/ui/UI_Gacha_AvatarImg_Furina.png'}]
(Background on this error at: https://sqlalche.me/e/20/gkpj):
2026-06-27 16:02:34,721 - enka_client - INFO - Successfully fetched player data for UID: 608344004
2026-06-27 16:02:34,752 - db_ops - ERROR - Duplicate character detected: (psycopg2.errors.UniqueViolation) duplicate key value violates unique constraint "unique_uid_avatar"
DETAIL:  Key (uid, avatar_id)=(608344004, 10000042) already exists.

[SQL: INSERT INTO characters (uid, avatar_id, level, hp, atk, def, em, er, crit_rate, crit_dmg, name, constellation_lvl, weapon_name, weapon_refinement, talent_na, talent_skill, talent_burst, friendship_lvl, dmg_bonus_type, dmg_bonus_val, icon_url) VALUES (%(uid)s, %(avatar_id)s, %(level)s, %(hp)s, %(atk)s, %(def)s, %(em)s, %(er)s, %(crit_rate)s, %(crit_dmg)s, %(name)s, %(constellation_lvl)s, %(weapon_name)s, %(weapon_refinement)s, %(talent_na)s, %(talent_skill)s, %(talent_burst)s, %(friendship_lvl)s, %(dmg_bonus_type)s, %(dmg_bonus_val)s, %(icon_url)s) RETURNING characters.id]
[parameters: {'uid': '608344004', 'avatar_id': 10000042, 'level': 100, 'hp': 19894, 'atk': 2078, 'def': 941, 'em': 170, 'er': 105, 'crit_rate': 74.2, 'crit_dmg': 224.2, 'name': 'Keqing', 'constellation_lvl': 6, 'weapon_name': 'Mistsplitter Reforged', 'weapon_refinement': 1, 'talent_na': 10, 'talent_skill': 13, 'talent_burst': 13, 'friendship_lvl': 10, 'dmg_bonus_type': 'Electro DMG', 'dmg_bonus_val': 73.6, 'icon_url': 'https://enka.network/ui/UI_Gacha_AvatarImg_Keqing.png'}]
(Background on this error at: https://sqlalche.me/e/20/gkpj):
2026-06-27 16:02:34,753 - db_ops - ERROR - Duplicate character detected: (psycopg2.errors.UniqueViolation) duplicate key value violates unique constraint "unique_uid_avatar"
DETAIL:  Key (uid, avatar_id)=(608344004, 10000126) already exists.

[SQL: INSERT INTO characters (uid, avatar_id, level, hp, atk, def, em, er, crit_rate, crit_dmg, name, constellation_lvl, weapon_name, weapon_refinement, talent_na, talent_skill, talent_burst, friendship_lvl, dmg_bonus_type, dmg_bonus_val, icon_url) VALUES (%(uid)s, %(avatar_id)s, %(level)s, %(hp)s, %(atk)s, %(def)s, %(em)s, %(er)s, %(crit_rate)s, %(crit_dmg)s, %(name)s, %(constellation_lvl)s, %(weapon_name)s, %(weapon_refinement)s, %(talent_na)s, %(talent_skill)s, %(talent_burst)s, %(friendship_lvl)s, %(dmg_bonus_type)s, %(dmg_bonus_val)s, %(icon_url)s) RETURNING characters.id]
[parameters: {'uid': '608344004', 'avatar_id': 10000126, 'level': 95, 'hp': 18665, 'atk': 1200, 'def': 2703, 'em': 119, 'er': 106, 'crit_rate': 62.5, 'crit_dmg': 287.7, 'name': 'Unknown', 'constellation_lvl': 6, 'weapon_name': 'Unknown', 'weapon_refinement': 1, 'talent_na': 8, 'talent_skill': 10, 'talent_burst': 10, 'friendship_lvl': 10, 'dmg_bonus_type': 'Physical DMG', 'dmg_bonus_val': 0, 'icon_url': None}]
(Background on this error at: https://sqlalche.me/e/20/gkpj):
2026-06-27 16:02:34,754 - db_ops - ERROR - Duplicate character detected: (psycopg2.errors.UniqueViolation) duplicate key value violates unique constraint "unique_uid_avatar"
DETAIL:  Key (uid, avatar_id)=(608344004, 10000114) already exists.

[SQL: INSERT INTO characters (uid, avatar_id, level, hp, atk, def, em, er, crit_rate, crit_dmg, name, constellation_lvl, weapon_name, weapon_refinement, talent_na, talent_skill, talent_burst, friendship_lvl, dmg_bonus_type, dmg_bonus_val, icon_url) VALUES (%(uid)s, %(avatar_id)s, %(level)s, %(hp)s, %(atk)s, %(def)s, %(em)s, %(er)s, %(crit_rate)s, %(crit_dmg)s, %(name)s, %(constellation_lvl)s, %(weapon_name)s, %(weapon_refinement)s, %(talent_na)s, %(talent_skill)s, %(talent_burst)s, %(friendship_lvl)s, %(dmg_bonus_type)s, %(dmg_bonus_val)s, %(icon_url)s) RETURNING characters.id]
[parameters: {'uid': '608344004', 'avatar_id': 10000114, 'level': 95, 'hp': 17936, 'atk': 2053, 'def': 1060, 'em': 20, 'er': 100, 'crit_rate': 78.4, 'crit_dmg': 234.5, 'name': 'Skirk', 'constellation_lvl': 2, 'weapon_name': 'Unknown', 'weapon_refinement': 1, 'talent_na': 1, 'talent_skill': 10, 'talent_burst': 10, 'friendship_lvl': 10, 'dmg_bonus_type': 'Cryo DMG', 'dmg_bonus_val': 61.6, 'icon_url': 'https://enka.network/ui/UI_Gacha_AvatarImg_SkirkNew.png'}]
(Background on this error at: https://sqlalche.me/e/20/gkpj):
2026-06-27 16:02:34,755 - db_ops - ERROR - Duplicate character detected: (psycopg2.errors.UniqueViolation) duplicate key value violates unique constraint "unique_uid_avatar"
DETAIL:  Key (uid, avatar_id)=(608344004, 10000120) already exists.

[SQL: INSERT INTO characters (uid, avatar_id, level, hp, atk, def, em, er, crit_rate, crit_dmg, name, constellation_lvl, weapon_name, weapon_refinement, talent_na, talent_skill, talent_burst, friendship_lvl, dmg_bonus_type, dmg_bonus_val, icon_url) VALUES (%(uid)s, %(avatar_id)s, %(level)s, %(hp)s, %(atk)s, %(def)s, %(em)s, %(er)s, %(crit_rate)s, %(crit_dmg)s, %(name)s, %(constellation_lvl)s, %(weapon_name)s, %(weapon_refinement)s, %(talent_na)s, %(talent_skill)s, %(talent_burst)s, %(friendship_lvl)s, %(dmg_bonus_type)s, %(dmg_bonus_val)s, %(icon_url)s) RETURNING characters.id]
[parameters: {'uid': '608344004', 'avatar_id': 10000120, 'level': 95, 'hp': 17923, 'atk': 2629, 'def': 890, 'em': 170, 'er': 106, 'crit_rate': 67.1, 'crit_dmg': 236.8, 'name': 'Flins', 'constellation_lvl': 2, 'weapon_name': 'Bloodsoaked Ruins', 'weapon_refinement': 1, 'talent_na': 6, 'talent_skill': 10, 'talent_burst': 10, 'friendship_lvl': 10, 'dmg_bonus_type': 'Physical DMG', 'dmg_bonus_val': 0, 'icon_url': 'https://enka.network/ui/UI_Gacha_AvatarImg_Flins.png'}]
(Background on this error at: https://sqlalche.me/e/20/gkpj):
2026-06-27 16:02:34,756 - db_ops - ERROR - Duplicate character detected: (psycopg2.errors.UniqueViolation) duplicate key value violates unique constraint "unique_uid_avatar"
DETAIL:  Key (uid, avatar_id)=(608344004, 10000131) already exists.

[SQL: INSERT INTO characters (uid, avatar_id, level, hp, atk, def, em, er, crit_rate, crit_dmg, name, constellation_lvl, weapon_name, weapon_refinement, talent_na, talent_skill, talent_burst, friendship_lvl, dmg_bonus_type, dmg_bonus_val, icon_url) VALUES (%(uid)s, %(avatar_id)s, %(level)s, %(hp)s, %(atk)s, %(def)s, %(em)s, %(er)s, %(crit_rate)s, %(crit_dmg)s, %(name)s, %(constellation_lvl)s, %(weapon_name)s, %(weapon_refinement)s, %(talent_na)s, %(talent_skill)s, %(talent_burst)s, %(friendship_lvl)s, %(dmg_bonus_type)s, %(dmg_bonus_val)s, %(icon_url)s) RETURNING characters.id]
[parameters: {'uid': '608344004', 'avatar_id': 10000131, 'level': 95, 'hp': 17795, 'atk': 4196, 'def': 748, 'em': 18, 'er': 149, 'crit_rate': 18.6, 'crit_dmg': 74.1, 'name': 'Unknown', 'constellation_lvl': 6, 'weapon_name': 'Unknown', 'weapon_refinement': 1, 'talent_na': 1, 'talent_skill': 10, 'talent_burst': 9, 'friendship_lvl': 8, 'dmg_bonus_type': 'Physical DMG', 'dmg_bonus_val': 0, 'icon_url': None}]
(Background on this error at: https://sqlalche.me/e/20/gkpj):
2026-06-27 16:02:34,757 - db_ops - ERROR - Duplicate character detected: (psycopg2.errors.UniqueViolation) duplicate key value violates unique constraint "unique_uid_avatar"
DETAIL:  Key (uid, avatar_id)=(608344004, 10000123) already exists.

[SQL: INSERT INTO characters (uid, avatar_id, level, hp, atk, def, em, er, crit_rate, crit_dmg, name, constellation_lvl, weapon_name, weapon_refinement, talent_na, talent_skill, talent_burst, friendship_lvl, dmg_bonus_type, dmg_bonus_val, icon_url) VALUES (%(uid)s, %(avatar_id)s, %(level)s, %(hp)s, %(atk)s, %(def)s, %(em)s, %(er)s, %(crit_rate)s, %(crit_dmg)s, %(name)s, %(constellation_lvl)s, %(weapon_name)s, %(weapon_refinement)s, %(talent_na)s, %(talent_skill)s, %(talent_burst)s, %(friendship_lvl)s, %(dmg_bonus_type)s, %(dmg_bonus_val)s, %(icon_url)s) RETURNING characters.id]
[parameters: {'uid': '608344004', 'avatar_id': 10000123, 'level': 95, 'hp': 19451, 'atk': 2560, 'def': 1129, 'em': 65, 'er': 123, 'crit_rate': 78.9, 'crit_dmg': 219.0, 'name': 'Durin', 'constellation_lvl': 2, 'weapon_name': 'Athame Artis', 'weapon_refinement': 1, 'talent_na': 1, 'talent_skill': 10, 'talent_burst': 10, 'friendship_lvl': 8, 'dmg_bonus_type': 'Physical DMG', 'dmg_bonus_val': 0, 'icon_url': 'https://enka.network/ui/UI_Gacha_AvatarImg_Durin.png'}]
(Background on this error at: https://sqlalche.me/e/20/gkpj):
2026-06-27 16:02:34,758 - db_ops - ERROR - Duplicate character detected: (psycopg2.errors.UniqueViolation) duplicate key value violates unique constraint "unique_uid_avatar"
DETAIL:  Key (uid, avatar_id)=(608344004, 10000106) already exists.

[SQL: INSERT INTO characters (uid, avatar_id, level, hp, atk, def, em, er, crit_rate, crit_dmg, name, constellation_lvl, weapon_name, weapon_refinement, talent_na, talent_skill, talent_burst, friendship_lvl, dmg_bonus_type, dmg_bonus_val, icon_url) VALUES (%(uid)s, %(avatar_id)s, %(level)s, %(hp)s, %(atk)s, %(def)s, %(em)s, %(er)s, %(crit_rate)s, %(crit_dmg)s, %(name)s, %(constellation_lvl)s, %(weapon_name)s, %(weapon_refinement)s, %(talent_na)s, %(talent_skill)s, %(talent_burst)s, %(friendship_lvl)s, %(dmg_bonus_type)s, %(dmg_bonus_val)s, %(icon_url)s) RETURNING characters.id]
[parameters: {'uid': '608344004', 'avatar_id': 10000106, 'level': 95, 'hp': 18834, 'atk': 2203, 'def': 884, 'em': 100, 'er': 110, 'crit_rate': 51.0, 'crit_dmg': 236.8, 'name': 'Mavuika', 'constellation_lvl': 2, 'weapon_name': 'A Thousand Blazing Suns', 'weapon_refinement': 1, 'talent_na': 6, 'talent_skill': 10, 'talent_burst': 10, 'friendship_lvl': 10, 'dmg_bonus_type': 'Pyro DMG', 'dmg_bonus_val': 46.6, 'icon_url': 'https://enka.network/ui/UI_Gacha_AvatarImg_Mavuika.png'}]
(Background on this error at: https://sqlalche.me/e/20/gkpj):
2026-06-27 16:02:34,758 - db_ops - ERROR - Duplicate character detected: (psycopg2.errors.UniqueViolation) duplicate key value violates unique constraint "unique_uid_avatar"
DETAIL:  Key (uid, avatar_id)=(608344004, 10000130) already exists.

[SQL: INSERT INTO characters (uid, avatar_id, level, hp, atk, def, em, er, crit_rate, crit_dmg, name, constellation_lvl, weapon_name, weapon_refinement, talent_na, talent_skill, talent_burst, friendship_lvl, dmg_bonus_type, dmg_bonus_val, icon_url) VALUES (%(uid)s, %(avatar_id)s, %(level)s, %(hp)s, %(atk)s, %(def)s, %(em)s, %(er)s, %(crit_rate)s, %(crit_dmg)s, %(name)s, %(constellation_lvl)s, %(weapon_name)s, %(weapon_refinement)s, %(talent_na)s, %(talent_skill)s, %(talent_burst)s, %(friendship_lvl)s, %(dmg_bonus_type)s, %(dmg_bonus_val)s, %(icon_url)s) RETURNING characters.id]
[parameters: {'uid': '608344004', 'avatar_id': 10000130, 'level': 90, 'hp': 15135, 'atk': 996, 'def': 2852, 'em': 116, 'er': 117, 'crit_rate': 65.0, 'crit_dmg': 245.5, 'name': 'Unknown', 'constellation_lvl': 2, 'weapon_name': 'Unknown', 'weapon_refinement': 1, 'talent_na': 1, 'talent_skill': 10, 'talent_burst': 9, 'friendship_lvl': 10, 'dmg_bonus_type': 'Physical DMG', 'dmg_bonus_val': 0, 'icon_url': None}]
(Background on this error at: https://sqlalche.me/e/20/gkpj):
2026-06-27 16:02:34,759 - db_ops - ERROR - Duplicate character detected: (psycopg2.errors.UniqueViolation) duplicate key value violates unique constraint "unique_uid_avatar"
DETAIL:  Key (uid, avatar_id)=(608344004, 10000107) already exists.

[SQL: INSERT INTO characters (uid, avatar_id, level, hp, atk, def, em, er, crit_rate, crit_dmg, name, constellation_lvl, weapon_name, weapon_refinement, talent_na, talent_skill, talent_burst, friendship_lvl, dmg_bonus_type, dmg_bonus_val, icon_url) VALUES (%(uid)s, %(avatar_id)s, %(level)s, %(hp)s, %(atk)s, %(def)s, %(em)s, %(er)s, %(crit_rate)s, %(crit_dmg)s, %(name)s, %(constellation_lvl)s, %(weapon_name)s, %(weapon_refinement)s, %(talent_na)s, %(talent_skill)s, %(talent_burst)s, %(friendship_lvl)s, %(dmg_bonus_type)s, %(dmg_bonus_val)s, %(icon_url)s) RETURNING characters.id]
[parameters: {'uid': '608344004', 'avatar_id': 10000107, 'level': 90, 'hp': 19968, 'atk': 1148, 'def': 1011, 'em': 997, 'er': 192, 'crit_rate': 18.6, 'crit_dmg': 57.0, 'name': 'Citlali', 'constellation_lvl': 2, 'weapon_name': "Starcaller's Watch", 'weapon_refinement': 1, 'talent_na': 6, 'talent_skill': 10, 'talent_burst': 10, 'friendship_lvl': 10, 'dmg_bonus_type': 'Physical DMG', 'dmg_bonus_val': 0, 'icon_url': 'https://enka.network/ui/UI_Gacha_AvatarImg_Citlali.png'}]
(Background on this error at: https://sqlalche.me/e/20/gkpj):
2026-06-27 16:02:34,760 - db_ops - ERROR - Duplicate character detected: (psycopg2.errors.UniqueViolation) duplicate key value violates unique constraint "unique_uid_avatar"
DETAIL:  Key (uid, avatar_id)=(608344004, 10000112) already exists.

[SQL: INSERT INTO characters (uid, avatar_id, level, hp, atk, def, em, er, crit_rate, crit_dmg, name, constellation_lvl, weapon_name, weapon_refinement, talent_na, talent_skill, talent_burst, friendship_lvl, dmg_bonus_type, dmg_bonus_val, icon_url) VALUES (%(uid)s, %(avatar_id)s, %(level)s, %(hp)s, %(atk)s, %(def)s, %(em)s, %(er)s, %(crit_rate)s, %(crit_dmg)s, %(name)s, %(constellation_lvl)s, %(weapon_name)s, %(weapon_refinement)s, %(talent_na)s, %(talent_skill)s, %(talent_burst)s, %(friendship_lvl)s, %(dmg_bonus_type)s, %(dmg_bonus_val)s, %(icon_url)s) RETURNING characters.id]
[parameters: {'uid': '608344004', 'avatar_id': 10000112, 'level': 90, 'hp': 19306, 'atk': 2126, 'def': 963, 'em': 0, 'er': 169, 'crit_rate': 79.4, 'crit_dmg': 200.9, 'name': 'Escoffier', 'constellation_lvl': 1, 'weapon_name': 'Symphonist of Scents', 'weapon_refinement': 1, 'talent_na': 1, 'talent_skill': 9, 'talent_burst': 10, 'friendship_lvl': 10, 'dmg_bonus_type': 'Physical DMG', 'dmg_bonus_val': 0, 'icon_url': 'https://enka.network/ui/UI_Gacha_AvatarImg_Escoffier.png'}]
(Background on this error at: https://sqlalche.me/e/20/gkpj):
2026-06-27 16:02:34,761 - db_ops - ERROR - Duplicate character detected: (psycopg2.errors.UniqueViolation) duplicate key value violates unique constraint "unique_uid_avatar"
DETAIL:  Key (uid, avatar_id)=(608344004, 10000052) already exists.

[SQL: INSERT INTO characters (uid, avatar_id, level, hp, atk, def, em, er, crit_rate, crit_dmg, name, constellation_lvl, weapon_name, weapon_refinement, talent_na, talent_skill, talent_burst, friendship_lvl, dmg_bonus_type, dmg_bonus_val, icon_url) VALUES (%(uid)s, %(avatar_id)s, %(level)s, %(hp)s, %(atk)s, %(def)s, %(em)s, %(er)s, %(crit_rate)s, %(crit_dmg)s, %(name)s, %(constellation_lvl)s, %(weapon_name)s, %(weapon_refinement)s, %(talent_na)s, %(talent_skill)s, %(talent_burst)s, %(friendship_lvl)s, %(dmg_bonus_type)s, %(dmg_bonus_val)s, %(icon_url)s) RETURNING characters.id]
[parameters: {'uid': '608344004', 'avatar_id': 10000052, 'level': 90, 'hp': 18732, 'atk': 2327, 'def': 891, 'em': 102, 'er': 277, 'crit_rate': 60.2, 'crit_dmg': 137.8, 'name': 'Raiden Shogun', 'constellation_lvl': 3, 'weapon_name': 'Engulfing Lightning', 'weapon_refinement': 1, 'talent_na': 6, 'talent_skill': 9, 'talent_burst': 13, 'friendship_lvl': 10, 'dmg_bonus_type': 'Electro DMG', 'dmg_bonus_val': 70.8, 'icon_url': 'https://enka.network/ui/UI_Gacha_AvatarImg_Shougun.png'}]
(Background on this error at: https://sqlalche.me/e/20/gkpj):
2026-06-27 16:02:34,762 - db_ops - ERROR - Duplicate character detected: (psycopg2.errors.UniqueViolation) duplicate key value violates unique constraint "unique_uid_avatar"
DETAIL:  Key (uid, avatar_id)=(608344004, 10000089) already exists.

[SQL: INSERT INTO characters (uid, avatar_id, level, hp, atk, def, em, er, crit_rate, crit_dmg, name, constellation_lvl, weapon_name, weapon_refinement, talent_na, talent_skill, talent_burst, friendship_lvl, dmg_bonus_type, dmg_bonus_val, icon_url) VALUES (%(uid)s, %(avatar_id)s, %(level)s, %(hp)s, %(atk)s, %(def)s, %(em)s, %(er)s, %(crit_rate)s, %(crit_dmg)s, %(name)s, %(constellation_lvl)s, %(weapon_name)s, %(weapon_refinement)s, %(talent_na)s, %(talent_skill)s, %(talent_burst)s, %(friendship_lvl)s, %(dmg_bonus_type)s, %(dmg_bonus_val)s, %(icon_url)s) RETURNING characters.id]
[parameters: {'uid': '608344004', 'avatar_id': 10000089, 'level': 90, 'hp': 36292, 'atk': 1242, 'def': 897, 'em': 39, 'er': 178, 'crit_rate': 49.9, 'crit_dmg': 229.2, 'name': 'Furina', 'constellation_lvl': 4, 'weapon_name': 'Unknown', 'weapon_refinement': 1, 'talent_na': 2, 'talent_skill': 10, 'talent_burst': 13, 'friendship_lvl': 10, 'dmg_bonus_type': 'Physical DMG', 'dmg_bonus_val': 0, 'icon_url': 'https://enka.network/ui/UI_Gacha_AvatarImg_Furina.png'}]
(Background on this error at: https://sqlalche.me/e/20/gkpj):
2026-06-28 19:51:43,654 - werkzeug - INFO - [31m[1mWARNING: This is a development server. Do not use it in a production deployment. Use a production WSGI server instead.[0m
 * Running on http://127.0.0.1:5000
2026-06-28 19:51:43,655 - werkzeug - INFO - [33mPress CTRL+C to quit[0m
2026-06-28 19:51:43,657 - werkzeug - INFO -  * Restarting with stat
2026-06-28 19:51:44,424 - werkzeug - WARNING -  * Debugger is active!
2026-06-28 19:51:44,431 - werkzeug - INFO -  * Debugger PIN: 136-212-548
2026-06-28 19:51:44,751 - werkzeug - INFO - 127.0.0.1 - - [28/Jun/2026 19:51:44] "GET / HTTP/1.1" 200 -
2026-06-28 19:51:44,908 - werkzeug - INFO - 127.0.0.1 - - [28/Jun/2026 19:51:44] "[33mGET /favicon.ico HTTP/1.1[0m" 404 -
2026-06-28 19:54:30,296 - werkzeug - INFO - [31m[1mWARNING: This is a development server. Do not use it in a production deployment. Use a production WSGI server instead.[0m
 * Running on http://127.0.0.1:5000
2026-06-28 19:54:30,297 - werkzeug - INFO - [33mPress CTRL+C to quit[0m
2026-06-28 19:54:30,299 - werkzeug - INFO -  * Restarting with stat
2026-06-28 19:54:31,060 - werkzeug - WARNING -  * Debugger is active!
2026-06-28 19:54:31,064 - werkzeug - INFO -  * Debugger PIN: 136-212-548
2026-06-28 19:54:31,311 - werkzeug - INFO - 127.0.0.1 - - [28/Jun/2026 19:54:31] "[33mGET / HTTP/1.1[0m" 404 -
2026-06-28 19:54:37,928 - werkzeug - INFO - 127.0.0.1 - - [28/Jun/2026 19:54:37] "[33mGET / HTTP/1.1[0m" 404 -
2026-06-28 19:54:42,041 - werkzeug - INFO -  * Detected change in '\\\\wsl.localhost\\Ubuntu\\home\\saine\\projects\\genshin_app\\app.py', reloading
2026-06-28 19:54:42,096 - werkzeug - INFO -  * Restarting with stat
2026-06-28 19:54:42,879 - werkzeug - WARNING -  * Debugger is active!
2026-06-28 19:54:42,883 - werkzeug - INFO -  * Debugger PIN: 136-212-548
2026-06-28 19:54:42,979 - werkzeug - INFO - 127.0.0.1 - - [28/Jun/2026 19:54:42] "GET / HTTP/1.1" 200 -
2026-06-28 19:56:29,429 - werkzeug - INFO -  * Detected change in '\\\\wsl.localhost\\Ubuntu\\home\\saine\\projects\\genshin_app\\app.py', reloading
2026-06-28 19:56:29,489 - werkzeug - INFO -  * Restarting with stat
2026-06-28 19:56:30,284 - werkzeug - WARNING -  * Debugger is active!
2026-06-28 19:56:30,288 - werkzeug - INFO -  * Debugger PIN: 136-212-548
2026-06-28 19:56:38,053 - werkzeug - INFO -  * Detected change in '\\\\wsl.localhost\\Ubuntu\\home\\saine\\projects\\genshin_app\\app.py', reloading
2026-06-28 19:56:38,100 - werkzeug - INFO -  * Restarting with stat
2026-06-28 19:56:38,815 - werkzeug - WARNING -  * Debugger is active!
2026-06-28 19:56:38,820 - werkzeug - INFO -  * Debugger PIN: 136-212-548
2026-06-28 19:57:46,329 - werkzeug - INFO -  * Detected change in '\\\\wsl.localhost\\Ubuntu\\home\\saine\\projects\\genshin_app\\app.py', reloading
2026-06-28 19:57:46,383 - werkzeug - INFO -  * Restarting with stat
2026-06-28 19:57:47,633 - werkzeug - INFO - [31m[1mWARNING: This is a development server. Do not use it in a production deployment. Use a production WSGI server instead.[0m
 * Running on http://127.0.0.1:5000
2026-06-28 19:57:47,634 - werkzeug - INFO - [33mPress CTRL+C to quit[0m
2026-06-28 19:57:47,636 - werkzeug - INFO -  * Restarting with stat
2026-06-28 19:57:48,451 - werkzeug - WARNING -  * Debugger is active!
2026-06-28 19:57:48,455 - werkzeug - INFO -  * Debugger PIN: 136-212-548
2026-06-28 19:57:48,560 - werkzeug - INFO - 127.0.0.1 - - [28/Jun/2026 19:57:48] "GET / HTTP/1.1" 200 -
2026-06-28 19:57:51,847 - enka_client - INFO - Successfully fetched player data for UID: 685000675
2026-06-28 19:57:52,048 - werkzeug - INFO - 127.0.0.1 - - [28/Jun/2026 19:57:52] "POST /characters/view HTTP/1.1" 200 -
2026-06-28 19:58:06,382 - enka_client - ERROR - enka.network responded with an error: 404 Client Error: Not Found for url: https://enka.network/api/uid//
2026-06-28 19:58:06,386 - werkzeug - INFO - 127.0.0.1 - - [28/Jun/2026 19:58:06] "POST /characters/view HTTP/1.1" 200 -
2026-06-28 20:00:00,061 - werkzeug - INFO -  * Detected change in '\\\\wsl.localhost\\Ubuntu\\home\\saine\\projects\\genshin_app\\app.py', reloading
2026-06-28 20:00:00,111 - werkzeug - INFO -  * Restarting with stat
2026-06-28 20:00:00,841 - werkzeug - WARNING -  * Debugger is active!
2026-06-28 20:00:00,845 - werkzeug - INFO -  * Debugger PIN: 136-212-548
2026-06-28 20:00:22,111 - werkzeug - INFO - 127.0.0.1 - - [28/Jun/2026 20:00:22] "[33mPOST /characters/view HTTP/1.1[0m" 404 -
2026-06-28 20:01:21,723 - werkzeug - INFO - [31m[1mWARNING: This is a development server. Do not use it in a production deployment. Use a production WSGI server instead.[0m
 * Running on http://127.0.0.1:5000
2026-06-28 20:01:21,724 - werkzeug - INFO - [33mPress CTRL+C to quit[0m
2026-06-28 20:01:21,727 - werkzeug - INFO -  * Restarting with stat
2026-06-28 20:01:22,482 - werkzeug - WARNING -  * Debugger is active!
2026-06-28 20:01:22,486 - werkzeug - INFO -  * Debugger PIN: 136-212-548
2026-06-28 20:01:22,583 - werkzeug - INFO - 127.0.0.1 - - [28/Jun/2026 20:01:22] "GET / HTTP/1.1" 200 -
2026-06-28 20:01:37,613 - werkzeug - INFO - 127.0.0.1 - - [28/Jun/2026 20:01:37] "[33mPOST /characters/view HTTP/1.1[0m" 404 -
2026-06-28 20:02:53,946 - werkzeug - INFO - [31m[1mWARNING: This is a development server. Do not use it in a production deployment. Use a production WSGI server instead.[0m
 * Running on http://127.0.0.1:5000
2026-06-28 20:02:53,946 - werkzeug - INFO - [33mPress CTRL+C to quit[0m
2026-06-28 20:02:53,950 - werkzeug - INFO -  * Restarting with stat
2026-06-28 20:02:54,736 - werkzeug - WARNING -  * Debugger is active!
2026-06-28 20:02:54,740 - werkzeug - INFO -  * Debugger PIN: 136-212-548
2026-06-28 20:02:55,209 - werkzeug - INFO - 127.0.0.1 - - [28/Jun/2026 20:02:55] "[33mPOST /characters/view HTTP/1.1[0m" 404 -
2026-06-28 20:02:58,355 - werkzeug - INFO - 127.0.0.1 - - [28/Jun/2026 20:02:58] "[33mGET /characte HTTP/1.1[0m" 404 -
2026-06-28 20:03:01,066 - werkzeug - INFO - 127.0.0.1 - - [28/Jun/2026 20:03:01] "[33mGET /characte HTTP/1.1[0m" 404 -
2026-06-28 20:03:04,019 - werkzeug - INFO - 127.0.0.1 - - [28/Jun/2026 20:03:04] "[33mGET /characters/view HTTP/1.1[0m" 404 -
2026-06-28 20:03:06,606 - werkzeug - INFO - 127.0.0.1 - - [28/Jun/2026 20:03:06] "[33mGET /character HTTP/1.1[0m" 404 -
2026-06-28 20:03:09,986 - werkzeug - INFO - 127.0.0.1 - - [28/Jun/2026 20:03:09] "GET /characters HTTP/1.1" 200 -
2026-06-28 20:05:08,426 - werkzeug - INFO - [31m[1mWARNING: This is a development server. Do not use it in a production deployment. Use a production WSGI server instead.[0m
 * Running on http://127.0.0.1:5000
2026-06-28 20:05:08,426 - werkzeug - INFO - [33mPress CTRL+C to quit[0m
2026-06-28 20:05:08,428 - werkzeug - INFO -  * Restarting with stat
2026-06-28 20:05:09,218 - werkzeug - WARNING -  * Debugger is active!
2026-06-28 20:05:09,222 - werkzeug - INFO -  * Debugger PIN: 136-212-548
2026-06-28 20:05:09,707 - werkzeug - INFO - 127.0.0.1 - - [28/Jun/2026 20:05:09] "[32mGET /characters HTTP/1.1[0m" 302 -
2026-06-28 20:05:09,717 - werkzeug - INFO - 127.0.0.1 - - [28/Jun/2026 20:05:09] "GET / HTTP/1.1" 200 -
2026-06-28 20:05:14,349 - werkzeug - INFO - 127.0.0.1 - - [28/Jun/2026 20:05:14] "[32mGET /characters HTTP/1.1[0m" 302 -
2026-06-28 20:05:14,355 - werkzeug - INFO - 127.0.0.1 - - [28/Jun/2026 20:05:14] "GET / HTTP/1.1" 200 -
